exports[`Controls should create an instance of a card container 1`] = `
ShallowWrapper {
  "length": 1,
  Symbol(enzyme.__root__): [Circular],
  Symbol(enzyme.__unrendered__): <Controls
    changeData={[Function]}
    fileList={
        Array [
            "data",
          ]
    }
    searchDistricts={[Function]} />,
  Symbol(enzyme.__renderer__): Object {
    "batchedUpdates": [Function],
    "getNode": [Function],
    "render": [Function],
    "simulateEvent": [Function],
    "unmount": [Function],
  },
  Symbol(enzyme.__node__): Object {
    "instance": null,
    "key": null,
    "nodeType": "host",
    "props": Object {
      "children": Array [
        <h1>
          Welcome To Headcount 2.0
</h1>,
        <select
          onChange={[Function]}
          value="">
          <option
                    value="">
                    Select a Dataset
          </option>
          <DatasetButton
                    dataSet="data" />
</select>,
        <input
          onChange={[Function]}
          value="" />,
      ],
      "className": "header",
    },
    "ref": null,
    "rendered": Array [
      Object {
        "instance": null,
        "key": null,
        "nodeType": "host",
        "props": Object {
          "children": "Welcome To Headcount 2.0",
        },
        "ref": null,
        "rendered": "Welcome To Headcount 2.0",
        "type": "h1",
      },
      Object {
        "instance": null,
        "key": null,
        "nodeType": "host",
        "props": Object {
          "children": Array [
            <option
              value="">
              Select a Dataset
</option>,
            Array [
              <DatasetButton
                dataSet="data" />,
            ],
          ],
          "onChange": [Function],
          "value": "",
        },
        "ref": null,
        "rendered": Array [
          Object {
            "instance": null,
            "key": null,
            "nodeType": "host",
            "props": Object {
              "children": "Select a Dataset",
              "value": "",
            },
            "ref": null,
            "rendered": "Select a Dataset",
            "type": "option",
          },
          Object {
            "instance": null,
            "key": "data",
            "nodeType": "function",
            "props": Object {
              "dataSet": "data",
            },
            "ref": null,
            "rendered": null,
            "type": [Function],
          },
        ],
        "type": "select",
      },
      Object {
        "instance": null,
        "key": null,
        "nodeType": "host",
        "props": Object {
          "onChange": [Function],
          "value": "",
        },
        "ref": null,
        "rendered": null,
        "type": "input",
      },
    ],
    "type": "div",
  },
  Symbol(enzyme.__nodes__): Array [
    Object {
      "instance": null,
      "key": null,
      "nodeType": "host",
      "props": Object {
        "children": Array [
          <h1>
            Welcome To Headcount 2.0
</h1>,
          <select
            onChange={[Function]}
            value="">
            <option
                        value="">
                        Select a Dataset
            </option>
            <DatasetButton
                        dataSet="data" />
</select>,
          <input
            onChange={[Function]}
            value="" />,
        ],
        "className": "header",
      },
      "ref": null,
      "rendered": Array [
        Object {
          "instance": null,
          "key": null,
          "nodeType": "host",
          "props": Object {
            "children": "Welcome To Headcount 2.0",
          },
          "ref": null,
          "rendered": "Welcome To Headcount 2.0",
          "type": "h1",
        },
        Object {
          "instance": null,
          "key": null,
          "nodeType": "host",
          "props": Object {
            "children": Array [
              <option
                value="">
                Select a Dataset
</option>,
              Array [
                <DatasetButton
                  dataSet="data" />,
              ],
            ],
            "onChange": [Function],
            "value": "",
          },
          "ref": null,
          "rendered": Array [
            Object {
              "instance": null,
              "key": null,
              "nodeType": "host",
              "props": Object {
                "children": "Select a Dataset",
                "value": "",
              },
              "ref": null,
              "rendered": "Select a Dataset",
              "type": "option",
            },
            Object {
              "instance": null,
              "key": "data",
              "nodeType": "function",
              "props": Object {
                "dataSet": "data",
              },
              "ref": null,
              "rendered": null,
              "type": [Function],
            },
          ],
          "type": "select",
        },
        Object {
          "instance": null,
          "key": null,
          "nodeType": "host",
          "props": Object {
            "onChange": [Function],
            "value": "",
          },
          "ref": null,
          "rendered": null,
          "type": "input",
        },
      ],
      "type": "div",
    },
  ],
  Symbol(enzyme.__options__): Object {
    "adapter": ReactFifteenAdapter {
      "options": Object {
        "supportPrevContextArgumentOfComponentDidUpdate": true,
      },
    },
  },
}
`;
