// Jest Snapshot v1, https://goo.gl/fbAQLP

exports[`DatasetButton should create an instance of a card container 1`] = `
ShallowWrapper {
  "length": 1,
  Symbol(enzyme.__root__): [Circular],
  Symbol(enzyme.__unrendered__): <DatasetButton
    dataSet="COLORADO"
  />,
  Symbol(enzyme.__renderer__): Object {
    "batchedUpdates": [Function],
    "getNode": [Function],
    "render": [Function],
    "simulateEvent": [Function],
    "unmount": [Function],
  },
  Symbol(enzyme.__node__): Object {
    "instance": null,
    "key": null,
    "nodeType": "host",
    "props": Object {
      "children": "COLORADO",
      "value": "COLORADO",
    },
    "ref": null,
    "rendered": "COLORADO",
    "type": "option",
  },
  Symbol(enzyme.__nodes__): Array [
    Object {
      "instance": null,
      "key": null,
      "nodeType": "host",
      "props": Object {
        "children": "COLORADO",
        "value": "COLORADO",
      },
      "ref": null,
      "rendered": "COLORADO",
      "type": "option",
    },
  ],
  Symbol(enzyme.__options__): Object {
    "adapter": ReactFifteenAdapter {
      "options": Object {
        "supportPrevContextArgumentOfComponentDidUpdate": true,
      },
    },
  },
}
`;
